Skipping fold 1 due to config['start_fold'] = 8
Skipping fold 2 due to config['start_fold'] = 8
Skipping fold 3 due to config['start_fold'] = 8
Skipping fold 4 due to config['start_fold'] = 8
Skipping fold 5 due to config['start_fold'] = 8
Skipping fold 6 due to config['start_fold'] = 8
Skipping fold 7 due to config['start_fold'] = 8
Fold 8 | Training: 2010-01-01 to 2018-12-31 | Testing: 2019-01-01 to 2019-12-31
Prophet + regressors training loss due to NaNs: 1 rows
Prophet + regressors training loss due to NaNs: 1 rows
 Prophet baseline MAPE: 12.59%

>>> Training Classical LSTM for Fold 8

 Used Features in This Fold (19 total):
 - DailyPrecipitation
 - MaxHourlyPrecipitation
 - HDMaxPrecipitation
 - DailyMeanTemperature
 - HourlyMinTemperature
 - HDMinTemperature
 - HourlyMaxTemperature
 - yhat
 - weekly
 - Month
 - Week
 - euro per m3
 - euro per kWh.1
 - Beroepsbevolking|Seizoengecorrigeerd
 - euro per m3.1
 - CPI | 2015 = 100
 - Opbouw bbp vanuit de finale bestedingen|Finale bestedingen|Nationale finale bestedingen|Bruto investeringen in vaste activa|Overheid
 - trend
 - yearly


 Early stopping at epoch 8
 Classical LSTM Results | RMSE: 2532.29 | MAPE: 17.48% | PCC: 0.230

>>> Training QLSTM for Fold 8

 Used Features in This Fold (19 total):
 - DailyPrecipitation
 - MaxHourlyPrecipitation
 - HDMaxPrecipitation
 - DailyMeanTemperature
 - HourlyMinTemperature
 - HDMinTemperature
 - HourlyMaxTemperature
 - yhat
 - weekly
 - Month
 - Week
 - euro per m3
 - euro per kWh.1
 - Beroepsbevolking|Seizoengecorrigeerd
 - euro per m3.1
 - CPI | 2015 = 100
 - Opbouw bbp vanuit de finale bestedingen|Finale bestedingen|Nationale finale bestedingen|Bruto investeringen in vaste activa|Overheid
 - trend
 - yearly

weight_shapes = (n_qlayers, n_qubits) = (1, 4)

 Early stopping at epoch 6
 Quantum LSTM Results   | RMSE: 2291.95 | MAPE: 19.79% | PCC: 0.240
Fold 8 | Classical LSTM | RMSE: 2532.29 | MAPE: 17.48% | PCC: 0.230
Fold 8 | Quantum LSTM   | RMSE: 2291.95 | MAPE: 19.79% | PCC: 0.240
Started stacking
Stacked Model | RMSE: 1772.85 | MAPE: 11.23% | PCC: 0.349
ROCV completed. Results saved to: results/fold_8_results.json

JOB STATISTICS
==============
Job ID: 11600814
Array Job ID: 11600814_8
Cluster: snellius
User/Group: rcuriel/rcuriel
State: COMPLETED (exit code 0)
Nodes: 1
Cores per node: 16
CPU Utilized: 12-23:46:54
CPU Efficiency: 33.07% of 39-06:43:28 core-walltime
Job Wall-clock time: 2-10:55:13
Memory Utilized: 2.15 GB
Memory Efficiency: 6.72% of 32.00 GB (32.00 GB/node)
