Skipping fold 1 due to config['start_fold'] = 7
Skipping fold 2 due to config['start_fold'] = 7
Skipping fold 3 due to config['start_fold'] = 7
Skipping fold 4 due to config['start_fold'] = 7
Skipping fold 5 due to config['start_fold'] = 7
Skipping fold 6 due to config['start_fold'] = 7
Fold 7 | Training: 2010-01-01 to 2017-12-31 | Testing: 2018-01-01 to 2018-12-31
Prophet + regressors training loss due to NaNs: 1 rows
Prophet + regressors training loss due to NaNs: 1 rows
 Prophet baseline MAPE: 14.94%

>>> Training Classical LSTM for Fold 7

 Used Features in This Fold (18 total):
 - DailyPrecipitation
 - MaxHourlyPrecipitation
 - HDMaxPrecipitation
 - DailyMeanTemperature
 - HourlyMinTemperature
 - HDMinTemperature
 - HourlyMaxTemperature
 - yhat
 - weekly
 - Month
 - Week
 - euro per m3
 - euro per kWh.1
 - yearly
 - Beroepsbevolking|Seizoengecorrigeerd
 - euro per m3.1
 - CPI | 2015 = 100
 - trend


 Early stopping at epoch 7
 Classical LSTM Results | RMSE: 2486.08 | MAPE: 19.54% | PCC: 0.210

>>> Training QLSTM for Fold 7

 Used Features in This Fold (18 total):
 - DailyPrecipitation
 - MaxHourlyPrecipitation
 - HDMaxPrecipitation
 - DailyMeanTemperature
 - HourlyMinTemperature
 - HDMinTemperature
 - HourlyMaxTemperature
 - yhat
 - weekly
 - Month
 - Week
 - euro per m3
 - euro per kWh.1
 - yearly
 - Beroepsbevolking|Seizoengecorrigeerd
 - euro per m3.1
 - CPI | 2015 = 100
 - trend

weight_shapes = (n_qlayers, n_qubits) = (1, 4)

 Early stopping at epoch 6
 Quantum LSTM Results   | RMSE: 2369.40 | MAPE: 15.96% | PCC: 0.324
Fold 7 | Classical LSTM | RMSE: 2486.08 | MAPE: 19.54% | PCC: 0.210
Fold 7 | Quantum LSTM   | RMSE: 2369.40 | MAPE: 15.96% | PCC: 0.324
Started stacking
Stacked Model | RMSE: 1873.11 | MAPE: 11.63% | PCC: 0.478
ROCV completed. Results saved to: results/fold_7_results.json

JOB STATISTICS
==============
Job ID: 11668558
Array Job ID: 11600814_7
Cluster: snellius
User/Group: rcuriel/rcuriel
State: RUNNING
Nodes: 1
Cores per node: 16
CPU Utilized: 00:00:00
CPU Efficiency: 0.00% of 35-04:43:12 core-walltime
Job Wall-clock time: 2-04:47:42
Memory Utilized: 0.00 MB
Memory Efficiency: 0.00% of 32.00 GB (32.00 GB/node)
WARNING: Efficiency statistics can only be obtained after the job has ended as seff tool is based on the accounting database data.
