Fold 1 | Training: 2010-01-01 to 2011-12-31 | Testing: 2012-01-01 to 2012-12-31
Prophet + regressors training loss due to NaNs: 1 rows
Prophet + regressors training loss due to NaNs: 1 rows
 Prophet baseline MAPE: 17.65%

>>> Training Classical LSTM for Fold 1

 Used Features in This Fold (18 total):
 - DailyPrecipitation
 - MaxHourlyPrecipitation
 - HDMaxPrecipitation
 - DailyMeanTemperature
 - HourlyMinTemperature
 - HDMinTemperature
 - HourlyMaxTemperature
 - yhat
 - weekly
 - trend
 - Month
 - Week
 - Werkzame beroepsbevolking|Seizoengecorrigeerd
 - euro per m3.1
 - euro per kWh.1
 - Natural gas, US | ($/mmbtu)
 - euro per m3
 - yearly


 Early stopping at epoch 7
 Classical LSTM Results | RMSE: 2216.79 | MAPE: 18.76% | PCC: 0.307

>>> Training QLSTM for Fold 1

 Used Features in This Fold (18 total):
 - DailyPrecipitation
 - MaxHourlyPrecipitation
 - HDMaxPrecipitation
 - DailyMeanTemperature
 - HourlyMinTemperature
 - HDMinTemperature
 - HourlyMaxTemperature
 - yhat
 - weekly
 - trend
 - Month
 - Week
 - Werkzame beroepsbevolking|Seizoengecorrigeerd
 - euro per m3.1
 - euro per kWh.1
 - Natural gas, US | ($/mmbtu)
 - euro per m3
 - yearly

weight_shapes = (n_qlayers, n_qubits) = (1, 4)

 Early stopping at epoch 7
 Quantum LSTM Results   | RMSE: 2330.79 | MAPE: 16.70% | PCC: 0.527
Fold 1 | Classical LSTM | RMSE: 2216.79 | MAPE: 18.76% | PCC: 0.307
Fold 1 | Quantum LSTM   | RMSE: 2330.79 | MAPE: 16.70% | PCC: 0.527
Started stacking
Stacked Model | RMSE: 1847.41 | MAPE: 12.09% | PCC: 0.646

JOB STATISTICS
==============
Job ID: 11600815
Array Job ID: 11600814_1
Cluster: snellius
User/Group: rcuriel/rcuriel
State: RUNNING
Nodes: 1
Cores per node: 16
CPU Utilized: 00:00:00
CPU Efficiency: 0.00% of 13-01:39:44 core-walltime
Job Wall-clock time: 19:36:14
Memory Utilized: 0.00 MB
Memory Efficiency: 0.00% of 32.00 GB (32.00 GB/node)
WARNING: Efficiency statistics can only be obtained after the job has ended as seff tool is based on the accounting database data.
